<?xml version="1.0" encoding="utf-8"?><testsuites name="pytest tests"><testsuite name="pytest" errors="0" failures="0" skipped="0" tests="5" time="0.126" timestamp="2026-05-20T15:41:36.035385+01:00" hostname="MacBook-Air-de-Alicia.local"><testcase classname="benchmarks.test_slow_queries" name="test_query_within_threshold[user_lookup-SELECT id, email, country FROM users WHERE email = (SELECT email FROM users LIMIT 1)]" time="0.064" /><testcase classname="benchmarks.test_slow_queries" name="test_query_within_threshold[order_history-SELECT id, status, total FROM orders WHERE user_id = 1 ORDER BY created_at DESC LIMIT 20]" time="0.004" /><testcase classname="benchmarks.test_slow_queries" name="test_query_within_threshold[inventory_search-SELECT product_id, name, stock FROM inventory WHERE category = 'electronics' AND stock &gt; 0 LIMIT 50]" time="0.007" /><testcase classname="benchmarks.test_slow_queries" name="test_query_within_threshold[order_with_items-SELECT o.id, o.status, oi.product_id, oi.quantity FROM orders o JOIN order_items oi ON oi.order_id = o.id WHERE o.user_id = 1]" time="0.005" /><testcase classname="benchmarks.test_slow_queries" name="test_query_within_threshold[revenue_by_country-SELECT u.country, SUM(o.total) AS revenue FROM orders o JOIN users u ON u.id = o.user_id WHERE o.status = 'paid' GROUP BY u.country ORDER BY revenue DESC]" time="0.004" /></testsuite></testsuites>